// Jest Snapshot v1, https://goo.gl/fbAQLP

exports[`should render 1`] = `
{
  "asFragment": [Function],
  "baseElement": <body>
    <div>
      <nav
        class="bg-white  dark:bg-gray-900 fixed top-0 left-0 right-0 z-10"
      >
        <div
          class="w-full flex flex-wrap items-center justify-between mx-auto px-4 lg:max-w-7xl md:items-center md:flex md:px-8 "
        >
          <div
            class="  flex items-center justify-between py-3  md:py-5 sm:w-full xs:w-full mb:block md:w-1/2"
          >
            <a
              href="/"
            >
              <img
                alt="Laminating Logo"
                class="w-64 h-full "
                data-nimg="1"
                decoding="async"
                fetchpriority="high"
                height="300"
                src="/_next/image?url=%2Flogolaminating.png&w=640&q=75"
                srcset="/_next/image?url=%2Flogolaminating.png&w=384&q=75 1x, /_next/image?url=%2Flogolaminating.png&w=640&q=75 2x"
                style="color: transparent;"
                width="300"
              />
            </a>
            <div
              class="md:hidden "
            >
              <button
                class="inline-flex items-center p-2 w-10 h-10 justify-center  text-sm text-gray-500 rounded-lg md:hidden hover:bg-gray-100 focus:outline-none focus:ring-2 focus:ring-gray-200 dark:text-gray-400 dark:hover:bg-gray-700 dark:focus:ring-gray-600"
                type="button"
              >
                <img
                  alt="menu"
                  data-nimg="1"
                  decoding="async"
                  height="30"
                  loading="lazy"
                  src="/hamburger-menu.svg"
                  style="color: transparent;"
                  width="30"
                />
              </button>
            </div>
          </div>
          <div
            class="flex-1 justify-self-center pb-3 mt-8 md:block md:pb-0 md:mt-0  md:w-1/2 hidden"
            id="navbar-default"
          >
            <ul
              class="h-70 md:h-auto items-center justify-center md:flex lg:justify-end  "
            >
              <li
                class="pb-6 text-xl text-white py-2 md:px-6 text-center border-b-2 md:border-b-0 bg-primary hover:text-red-600 hover:font-semibold rounded md:bg-transparent md:text-primary md:p-0 dark:text-white md:dark:text-red-500"
              >
                <a
                  aria-current="page"
                  href="#home"
                >
                  Home
                </a>
              </li>
              <li
                class="pb-6 text-xl text-white py-2 md:px-6 text-center border-b-2 md:border-b-0 bg-primary hover:text-red-600 hover:font-semibold rounded md:bg-transparent md:text-primary md:p-0 dark:text-white md:dark:text-red-500"
              >
                <a
                  href="#about"
                >
                  About
                </a>
              </li>
              <li
                class="pb-6 text-xl text-white py-2 md:px-6 text-center border-b-2 md:border-b-0 bg-primary hover:text-red-600 hover:font-semibold rounded md:bg-transparent md:text-primary md:p-0 dark:text-white md:dark:text-red-500"
              >
                <a
                  href="#product"
                >
                  Product
                </a>
              </li>
              <li
                class="pb-6 text-xl text-white py-2 px-6 text-center border-b-2 md:border-b-0 bg-primary hover:text-red-600 hover:font-semibold rounded md:bg-transparent md:text-primary md:p-0 dark:text-white md:dark:text-red-500"
              >
                <a
                  href="#contact"
                >
                  Contact
                </a>
              </li>
            </ul>
          </div>
        </div>
      </nav>
    </div>
  </body>,
  "container": <div>
    <nav
      class="bg-white  dark:bg-gray-900 fixed top-0 left-0 right-0 z-10"
    >
      <div
        class="w-full flex flex-wrap items-center justify-between mx-auto px-4 lg:max-w-7xl md:items-center md:flex md:px-8 "
      >
        <div
          class="  flex items-center justify-between py-3  md:py-5 sm:w-full xs:w-full mb:block md:w-1/2"
        >
          <a
            href="/"
          >
            <img
              alt="Laminating Logo"
              class="w-64 h-full "
              data-nimg="1"
              decoding="async"
              fetchpriority="high"
              height="300"
              src="/_next/image?url=%2Flogolaminating.png&w=640&q=75"
              srcset="/_next/image?url=%2Flogolaminating.png&w=384&q=75 1x, /_next/image?url=%2Flogolaminating.png&w=640&q=75 2x"
              style="color: transparent;"
              width="300"
            />
          </a>
          <div
            class="md:hidden "
          >
            <button
              class="inline-flex items-center p-2 w-10 h-10 justify-center  text-sm text-gray-500 rounded-lg md:hidden hover:bg-gray-100 focus:outline-none focus:ring-2 focus:ring-gray-200 dark:text-gray-400 dark:hover:bg-gray-700 dark:focus:ring-gray-600"
              type="button"
            >
              <img
                alt="menu"
                data-nimg="1"
                decoding="async"
                height="30"
                loading="lazy"
                src="/hamburger-menu.svg"
                style="color: transparent;"
                width="30"
              />
            </button>
          </div>
        </div>
        <div
          class="flex-1 justify-self-center pb-3 mt-8 md:block md:pb-0 md:mt-0  md:w-1/2 hidden"
          id="navbar-default"
        >
          <ul
            class="h-70 md:h-auto items-center justify-center md:flex lg:justify-end  "
          >
            <li
              class="pb-6 text-xl text-white py-2 md:px-6 text-center border-b-2 md:border-b-0 bg-primary hover:text-red-600 hover:font-semibold rounded md:bg-transparent md:text-primary md:p-0 dark:text-white md:dark:text-red-500"
            >
              <a
                aria-current="page"
                href="#home"
              >
                Home
              </a>
            </li>
            <li
              class="pb-6 text-xl text-white py-2 md:px-6 text-center border-b-2 md:border-b-0 bg-primary hover:text-red-600 hover:font-semibold rounded md:bg-transparent md:text-primary md:p-0 dark:text-white md:dark:text-red-500"
            >
              <a
                href="#about"
              >
                About
              </a>
            </li>
            <li
              class="pb-6 text-xl text-white py-2 md:px-6 text-center border-b-2 md:border-b-0 bg-primary hover:text-red-600 hover:font-semibold rounded md:bg-transparent md:text-primary md:p-0 dark:text-white md:dark:text-red-500"
            >
              <a
                href="#product"
              >
                Product
              </a>
            </li>
            <li
              class="pb-6 text-xl text-white py-2 px-6 text-center border-b-2 md:border-b-0 bg-primary hover:text-red-600 hover:font-semibold rounded md:bg-transparent md:text-primary md:p-0 dark:text-white md:dark:text-red-500"
            >
              <a
                href="#contact"
              >
                Contact
              </a>
            </li>
          </ul>
        </div>
      </div>
    </nav>
  </div>,
  "debug": [Function],
  "findAllByAltText": [Function],
  "findAllByDisplayValue": [Function],
  "findAllByLabelText": [Function],
  "findAllByPlaceholderText": [Function],
  "findAllByRole": [Function],
  "findAllByTestId": [Function],
  "findAllByText": [Function],
  "findAllByTitle": [Function],
  "findByAltText": [Function],
  "findByDisplayValue": [Function],
  "findByLabelText": [Function],
  "findByPlaceholderText": [Function],
  "findByRole": [Function],
  "findByTestId": [Function],
  "findByText": [Function],
  "findByTitle": [Function],
  "getAllByAltText": [Function],
  "getAllByDisplayValue": [Function],
  "getAllByLabelText": [Function],
  "getAllByPlaceholderText": [Function],
  "getAllByRole": [Function],
  "getAllByTestId": [Function],
  "getAllByText": [Function],
  "getAllByTitle": [Function],
  "getByAltText": [Function],
  "getByDisplayValue": [Function],
  "getByLabelText": [Function],
  "getByPlaceholderText": [Function],
  "getByRole": [Function],
  "getByTestId": [Function],
  "getByText": [Function],
  "getByTitle": [Function],
  "queryAllByAltText": [Function],
  "queryAllByDisplayValue": [Function],
  "queryAllByLabelText": [Function],
  "queryAllByPlaceholderText": [Function],
  "queryAllByRole": [Function],
  "queryAllByTestId": [Function],
  "queryAllByText": [Function],
  "queryAllByTitle": [Function],
  "queryByAltText": [Function],
  "queryByDisplayValue": [Function],
  "queryByLabelText": [Function],
  "queryByPlaceholderText": [Function],
  "queryByRole": [Function],
  "queryByTestId": [Function],
  "queryByText": [Function],
  "queryByTitle": [Function],
  "rerender": [Function],
  "unmount": [Function],
}
`;
