// Jest Snapshot v1, https://goo.gl/fbAQLP

exports[`should render 1`] = `
{
  "asFragment": [Function],
  "baseElement": <body>
    <div>
      <section
        class="hero  items-center mt-24"
        id="home"
      >
        <div
          class="py-12 xs:col-span-2 xs:flex xs:flex-col xs:items-center "
        >
          <h1
            class="text-4xl font-semibold "
          >
            <span
              class="text-primary "
            >
              Mutiara
            </span>
             Laminating
          </h1>
          <p
            class="mt-4 text-gray-400 text-sm xs:text-center"
          >
            Dipercaya oleh lebih dari ratusan pelaku industri sebagai penyedia jasa laminating kain dan busa sejak tahun 2014.
          </p>
          <div
            class="flex justify-start gap-4 items-center mt-8 text-sm"
          >
            <a
              href="#contact"
            >
              <button
                class="flex gap-2 bg-primary text-white text-sm px-4 py-2 rounded-full"
              >
                Kontak Admin
                <svg
                  class="w-6 h-6"
                  fill="none"
                  stroke="currentColor"
                  stroke-width="1.5"
                  viewBox="0 0 24 24"
                  xmlns="http://www.w3.org/2000/svg"
                >
                  <path
                    d="M12.75 15l3-3m0 0l-3-3m3 3h-7.5M21 12a9 9 0 11-18 0 9 9 0 0118 0z"
                    stroke-linecap="round"
                    stroke-linejoin="round"
                  />
                </svg>
              </button>
            </a>
          </div>
        </div>
        <img
          alt="hero image"
          class="xs:hidden  "
          data-nimg="1"
          decoding="async"
          height="400"
          loading="lazy"
          src="/_next/image?url=%2Fmesin-laminating.png&w=1920&q=75"
          srcset="/_next/image?url=%2Fmesin-laminating.png&w=828&q=75 1x, /_next/image?url=%2Fmesin-laminating.png&w=1920&q=75 2x"
          style="color: transparent;"
          width="800"
        />
      </section>
    </div>
  </body>,
  "container": <div>
    <section
      class="hero  items-center mt-24"
      id="home"
    >
      <div
        class="py-12 xs:col-span-2 xs:flex xs:flex-col xs:items-center "
      >
        <h1
          class="text-4xl font-semibold "
        >
          <span
            class="text-primary "
          >
            Mutiara
          </span>
           Laminating
        </h1>
        <p
          class="mt-4 text-gray-400 text-sm xs:text-center"
        >
          Dipercaya oleh lebih dari ratusan pelaku industri sebagai penyedia jasa laminating kain dan busa sejak tahun 2014.
        </p>
        <div
          class="flex justify-start gap-4 items-center mt-8 text-sm"
        >
          <a
            href="#contact"
          >
            <button
              class="flex gap-2 bg-primary text-white text-sm px-4 py-2 rounded-full"
            >
              Kontak Admin
              <svg
                class="w-6 h-6"
                fill="none"
                stroke="currentColor"
                stroke-width="1.5"
                viewBox="0 0 24 24"
                xmlns="http://www.w3.org/2000/svg"
              >
                <path
                  d="M12.75 15l3-3m0 0l-3-3m3 3h-7.5M21 12a9 9 0 11-18 0 9 9 0 0118 0z"
                  stroke-linecap="round"
                  stroke-linejoin="round"
                />
              </svg>
            </button>
          </a>
        </div>
      </div>
      <img
        alt="hero image"
        class="xs:hidden  "
        data-nimg="1"
        decoding="async"
        height="400"
        loading="lazy"
        src="/_next/image?url=%2Fmesin-laminating.png&w=1920&q=75"
        srcset="/_next/image?url=%2Fmesin-laminating.png&w=828&q=75 1x, /_next/image?url=%2Fmesin-laminating.png&w=1920&q=75 2x"
        style="color: transparent;"
        width="800"
      />
    </section>
  </div>,
  "debug": [Function],
  "findAllByAltText": [Function],
  "findAllByDisplayValue": [Function],
  "findAllByLabelText": [Function],
  "findAllByPlaceholderText": [Function],
  "findAllByRole": [Function],
  "findAllByTestId": [Function],
  "findAllByText": [Function],
  "findAllByTitle": [Function],
  "findByAltText": [Function],
  "findByDisplayValue": [Function],
  "findByLabelText": [Function],
  "findByPlaceholderText": [Function],
  "findByRole": [Function],
  "findByTestId": [Function],
  "findByText": [Function],
  "findByTitle": [Function],
  "getAllByAltText": [Function],
  "getAllByDisplayValue": [Function],
  "getAllByLabelText": [Function],
  "getAllByPlaceholderText": [Function],
  "getAllByRole": [Function],
  "getAllByTestId": [Function],
  "getAllByText": [Function],
  "getAllByTitle": [Function],
  "getByAltText": [Function],
  "getByDisplayValue": [Function],
  "getByLabelText": [Function],
  "getByPlaceholderText": [Function],
  "getByRole": [Function],
  "getByTestId": [Function],
  "getByText": [Function],
  "getByTitle": [Function],
  "queryAllByAltText": [Function],
  "queryAllByDisplayValue": [Function],
  "queryAllByLabelText": [Function],
  "queryAllByPlaceholderText": [Function],
  "queryAllByRole": [Function],
  "queryAllByTestId": [Function],
  "queryAllByText": [Function],
  "queryAllByTitle": [Function],
  "queryByAltText": [Function],
  "queryByDisplayValue": [Function],
  "queryByLabelText": [Function],
  "queryByPlaceholderText": [Function],
  "queryByRole": [Function],
  "queryByTestId": [Function],
  "queryByText": [Function],
  "queryByTitle": [Function],
  "rerender": [Function],
  "unmount": [Function],
}
`;
