// Jest Snapshot v1, https://goo.gl/fbAQLP

exports[`should render 1`] = `
{
  "asFragment": [Function],
  "baseElement": <body>
    <div>
      <section
        class="mt-40"
        id="menu"
      >
        <div
          class="text-center"
        >
          <div>
            <h3
              class="capitalize text-primary font-semibold text-3xl"
            >
              Produk dan Layanan Kami
            </h3>
            <h2
              class="text-base text-gray-600 font-normal italic mt-2 md:text-sm lg:text-lg"
            >
              Kami mengerjakan pengeleman Kain dan Busa dengan kualitas terbaik.
            </h2>
          </div>
        </div>
        <div
          class="grid grid-cols-2 gap-6 mt-8 w-full xs:grid-cols-1"
        >
          <div
            class="bg-gray-100 border shadow-lg  rounded-lg text-center flex items-center hover:bg-white delay-[100ms] duration-[200ms] hover:scale-[1.1] "
          >
            <img
              alt="kain"
              class="bg-cover rounded-lg delay-[100ms] duration-[300ms] hover:scale-[1.1]"
              data-nimg="1"
              decoding="async"
              height="200"
              loading="lazy"
              src="/_next/image?url=%2Fimg%2Fproses-laminating2.jpg&w=640&q=75"
              srcset="/_next/image?url=%2Fimg%2Fproses-laminating2.jpg&w=256&q=75 1x, /_next/image?url=%2Fimg%2Fproses-laminating2.jpg&w=640&q=75 2x"
              style="color: transparent;"
              width="200"
            />
            <div
              class=""
            >
              <h3
                class="text-base font-medium mx-4"
              >
                Laminating Busa
              </h3>
              <p
                class="text-xs my-2 mx-4"
              >
                Busa lapis dengan material terbaik bisa untuk exterior produk, lapisan kain BH, aksesori, dan lain sebagainya.
              </p>
              <a
                href="https://wa.link/h7ywr2"
              >
                <button
                  class="mx-2 mt-4 text-white bg-red-500 border-0 py-2 px-6 focus:outline-none hover:bg-red-600 rounded  text-center"
                >
                  Hubungi Admin
                </button>
              </a>
            </div>
          </div>
          <div
            class="bg-gray-100 border shadow-lg  rounded-lg text-center flex items-center hover:bg-white delay-[100ms] duration-[200ms] hover:scale-[1.1] "
          >
            <img
              alt="kain"
              class="bg-cover rounded-lg delay-[100ms] duration-[600ms] hover:scale-[1.1]"
              data-nimg="1"
              decoding="async"
              height="200"
              loading="lazy"
              src="/_next/image?url=%2Fimg%2Fproses-finishing2.jpg&w=640&q=75"
              srcset="/_next/image?url=%2Fimg%2Fproses-finishing2.jpg&w=256&q=75 1x, /_next/image?url=%2Fimg%2Fproses-finishing2.jpg&w=640&q=75 2x"
              style="color: transparent;"
              width="200"
            />
            <div
              class=""
            >
              <h3
                class="text-base font-medium "
              >
                Proses Finishing Laminating
              </h3>
              <p
                class="text-xs my-2 mx-2"
              >
                Bahan yang sudah  selesai dilaminating akan segera di bungkus dengan plastik secara aman.
              </p>
              <a
                href="https://wa.link/h7ywr2"
              >
                <button
                  class="mx-2 mt-4 text-white bg-red-500 border-0 py-2 px-6 focus:outline-none hover:bg-red-600 rounded  text-center"
                >
                  Hubungi Admin
                </button>
              </a>
            </div>
          </div>
          <div
            class="bg-gray-100 border shadow-lg  rounded-lg text-center flex items-center hover:bg-white delay-[100ms] duration-[200ms] hover:scale-[1.1] "
          >
            <img
              alt="kain"
              class="bg-cover rounded-lg delay-[100ms] duration-[600ms] hover:scale-[1.1]"
              data-nimg="1"
              decoding="async"
              height="200"
              loading="lazy"
              src="/_next/image?url=%2Fimg%2Fproses-potong-bis2.jpg&w=640&q=75"
              srcset="/_next/image?url=%2Fimg%2Fproses-potong-bis2.jpg&w=256&q=75 1x, /_next/image?url=%2Fimg%2Fproses-potong-bis2.jpg&w=640&q=75 2x"
              style="color: transparent;"
              width="200"
            />
            <div
              class=""
            >
              <h3
                class="text-base font-medium "
              >
                Proses Persiapan Potong Kain Bis
              </h3>
              <p
                class="text-xs my-2 mx-2"
              >
                Kain sisa potongan busa biasanya di potong untuk kain bis.
              </p>
              <a
                href="https://wa.link/h7ywr2"
              >
                <button
                  class="mx-2 mt-4 text-white bg-red-500 border-0 py-2 px-6 focus:outline-none hover:bg-red-600 rounded  text-center"
                >
                  Hubungi Admin
                </button>
              </a>
            </div>
          </div>
          <div
            class="bg-gray-100 border shadow-lg  rounded-lg text-center flex items-center hover:bg-white delay-[100ms] duration-[200ms] hover:scale-[1.1] "
          >
            <img
              alt="kain"
              class="bg-cover rounded-lg delay-[100ms] duration-[200ms] hover:scale-[1.1]"
              data-nimg="1"
              decoding="async"
              height="200"
              loading="lazy"
              src="/_next/image?url=%2Fimg%2Fadmin2.jpg&w=640&q=75"
              srcset="/_next/image?url=%2Fimg%2Fadmin2.jpg&w=256&q=75 1x, /_next/image?url=%2Fimg%2Fadmin2.jpg&w=640&q=75 2x"
              style="color: transparent;"
              width="200"
            />
            <div
              class=""
            >
              <h3
                class="text-base font-medium"
              >
                Pelayanan Yang Ramah
              </h3>
              <p
                class="text-xs my-2 mx-2"
              >
                Data masuk dan keluar tercatat rapih oleh admin kami, sehingga proses hasil laminating bisa berjalan lancar.
              </p>
              <a
                href="https://wa.link/h7ywr2"
              >
                <button
                  class="mx-2 mt-4 text-white bg-red-500 border-0 py-2 px-6 focus:outline-none hover:bg-red-600 rounded  text-center"
                >
                  Hubungi Admin
                </button>
              </a>
            </div>
          </div>
        </div>
      </section>
    </div>
  </body>,
  "container": <div>
    <section
      class="mt-40"
      id="menu"
    >
      <div
        class="text-center"
      >
        <div>
          <h3
            class="capitalize text-primary font-semibold text-3xl"
          >
            Produk dan Layanan Kami
          </h3>
          <h2
            class="text-base text-gray-600 font-normal italic mt-2 md:text-sm lg:text-lg"
          >
            Kami mengerjakan pengeleman Kain dan Busa dengan kualitas terbaik.
          </h2>
        </div>
      </div>
      <div
        class="grid grid-cols-2 gap-6 mt-8 w-full xs:grid-cols-1"
      >
        <div
          class="bg-gray-100 border shadow-lg  rounded-lg text-center flex items-center hover:bg-white delay-[100ms] duration-[200ms] hover:scale-[1.1] "
        >
          <img
            alt="kain"
            class="bg-cover rounded-lg delay-[100ms] duration-[300ms] hover:scale-[1.1]"
            data-nimg="1"
            decoding="async"
            height="200"
            loading="lazy"
            src="/_next/image?url=%2Fimg%2Fproses-laminating2.jpg&w=640&q=75"
            srcset="/_next/image?url=%2Fimg%2Fproses-laminating2.jpg&w=256&q=75 1x, /_next/image?url=%2Fimg%2Fproses-laminating2.jpg&w=640&q=75 2x"
            style="color: transparent;"
            width="200"
          />
          <div
            class=""
          >
            <h3
              class="text-base font-medium mx-4"
            >
              Laminating Busa
            </h3>
            <p
              class="text-xs my-2 mx-4"
            >
              Busa lapis dengan material terbaik bisa untuk exterior produk, lapisan kain BH, aksesori, dan lain sebagainya.
            </p>
            <a
              href="https://wa.link/h7ywr2"
            >
              <button
                class="mx-2 mt-4 text-white bg-red-500 border-0 py-2 px-6 focus:outline-none hover:bg-red-600 rounded  text-center"
              >
                Hubungi Admin
              </button>
            </a>
          </div>
        </div>
        <div
          class="bg-gray-100 border shadow-lg  rounded-lg text-center flex items-center hover:bg-white delay-[100ms] duration-[200ms] hover:scale-[1.1] "
        >
          <img
            alt="kain"
            class="bg-cover rounded-lg delay-[100ms] duration-[600ms] hover:scale-[1.1]"
            data-nimg="1"
            decoding="async"
            height="200"
            loading="lazy"
            src="/_next/image?url=%2Fimg%2Fproses-finishing2.jpg&w=640&q=75"
            srcset="/_next/image?url=%2Fimg%2Fproses-finishing2.jpg&w=256&q=75 1x, /_next/image?url=%2Fimg%2Fproses-finishing2.jpg&w=640&q=75 2x"
            style="color: transparent;"
            width="200"
          />
          <div
            class=""
          >
            <h3
              class="text-base font-medium "
            >
              Proses Finishing Laminating
            </h3>
            <p
              class="text-xs my-2 mx-2"
            >
              Bahan yang sudah  selesai dilaminating akan segera di bungkus dengan plastik secara aman.
            </p>
            <a
              href="https://wa.link/h7ywr2"
            >
              <button
                class="mx-2 mt-4 text-white bg-red-500 border-0 py-2 px-6 focus:outline-none hover:bg-red-600 rounded  text-center"
              >
                Hubungi Admin
              </button>
            </a>
          </div>
        </div>
        <div
          class="bg-gray-100 border shadow-lg  rounded-lg text-center flex items-center hover:bg-white delay-[100ms] duration-[200ms] hover:scale-[1.1] "
        >
          <img
            alt="kain"
            class="bg-cover rounded-lg delay-[100ms] duration-[600ms] hover:scale-[1.1]"
            data-nimg="1"
            decoding="async"
            height="200"
            loading="lazy"
            src="/_next/image?url=%2Fimg%2Fproses-potong-bis2.jpg&w=640&q=75"
            srcset="/_next/image?url=%2Fimg%2Fproses-potong-bis2.jpg&w=256&q=75 1x, /_next/image?url=%2Fimg%2Fproses-potong-bis2.jpg&w=640&q=75 2x"
            style="color: transparent;"
            width="200"
          />
          <div
            class=""
          >
            <h3
              class="text-base font-medium "
            >
              Proses Persiapan Potong Kain Bis
            </h3>
            <p
              class="text-xs my-2 mx-2"
            >
              Kain sisa potongan busa biasanya di potong untuk kain bis.
            </p>
            <a
              href="https://wa.link/h7ywr2"
            >
              <button
                class="mx-2 mt-4 text-white bg-red-500 border-0 py-2 px-6 focus:outline-none hover:bg-red-600 rounded  text-center"
              >
                Hubungi Admin
              </button>
            </a>
          </div>
        </div>
        <div
          class="bg-gray-100 border shadow-lg  rounded-lg text-center flex items-center hover:bg-white delay-[100ms] duration-[200ms] hover:scale-[1.1] "
        >
          <img
            alt="kain"
            class="bg-cover rounded-lg delay-[100ms] duration-[200ms] hover:scale-[1.1]"
            data-nimg="1"
            decoding="async"
            height="200"
            loading="lazy"
            src="/_next/image?url=%2Fimg%2Fadmin2.jpg&w=640&q=75"
            srcset="/_next/image?url=%2Fimg%2Fadmin2.jpg&w=256&q=75 1x, /_next/image?url=%2Fimg%2Fadmin2.jpg&w=640&q=75 2x"
            style="color: transparent;"
            width="200"
          />
          <div
            class=""
          >
            <h3
              class="text-base font-medium"
            >
              Pelayanan Yang Ramah
            </h3>
            <p
              class="text-xs my-2 mx-2"
            >
              Data masuk dan keluar tercatat rapih oleh admin kami, sehingga proses hasil laminating bisa berjalan lancar.
            </p>
            <a
              href="https://wa.link/h7ywr2"
            >
              <button
                class="mx-2 mt-4 text-white bg-red-500 border-0 py-2 px-6 focus:outline-none hover:bg-red-600 rounded  text-center"
              >
                Hubungi Admin
              </button>
            </a>
          </div>
        </div>
      </div>
    </section>
  </div>,
  "debug": [Function],
  "findAllByAltText": [Function],
  "findAllByDisplayValue": [Function],
  "findAllByLabelText": [Function],
  "findAllByPlaceholderText": [Function],
  "findAllByRole": [Function],
  "findAllByTestId": [Function],
  "findAllByText": [Function],
  "findAllByTitle": [Function],
  "findByAltText": [Function],
  "findByDisplayValue": [Function],
  "findByLabelText": [Function],
  "findByPlaceholderText": [Function],
  "findByRole": [Function],
  "findByTestId": [Function],
  "findByText": [Function],
  "findByTitle": [Function],
  "getAllByAltText": [Function],
  "getAllByDisplayValue": [Function],
  "getAllByLabelText": [Function],
  "getAllByPlaceholderText": [Function],
  "getAllByRole": [Function],
  "getAllByTestId": [Function],
  "getAllByText": [Function],
  "getAllByTitle": [Function],
  "getByAltText": [Function],
  "getByDisplayValue": [Function],
  "getByLabelText": [Function],
  "getByPlaceholderText": [Function],
  "getByRole": [Function],
  "getByTestId": [Function],
  "getByText": [Function],
  "getByTitle": [Function],
  "queryAllByAltText": [Function],
  "queryAllByDisplayValue": [Function],
  "queryAllByLabelText": [Function],
  "queryAllByPlaceholderText": [Function],
  "queryAllByRole": [Function],
  "queryAllByTestId": [Function],
  "queryAllByText": [Function],
  "queryAllByTitle": [Function],
  "queryByAltText": [Function],
  "queryByDisplayValue": [Function],
  "queryByLabelText": [Function],
  "queryByPlaceholderText": [Function],
  "queryByRole": [Function],
  "queryByTestId": [Function],
  "queryByText": [Function],
  "queryByTitle": [Function],
  "rerender": [Function],
  "unmount": [Function],
}
`;
